89.246.63.121 - hajo [08/Nov/2019:15:06:26 +0100] "GET /frontend_latest/chunk.863dd766d73a20fc2a21.js HTTP/1.1" 200 3774 "https://ha.hajo62.duckdns.org/service_worker.js" "Mozilla/5.0 (Macintosh; Intel Mac OS X 10.15; rv:70.0) Gecko/20100101 Firefox/70.0"
89.246.63.121 - hajo [08/Nov/2019:15:06:26 +0100] "GET /frontend_latest/chunk.5338562627d7ba1d66e6.js HTTP/1.1" 200 5173 "https://ha.hajo62.duckdns.org/service_worker.js" "Mozilla/5.0 (Macintosh; Intel Mac OS X 10.15; rv:70.0) Gecko/20100101 Firefox/70.0"
89.246.63.121 - hajo [08/Nov/2019:15:06:26 +0100] "GET /frontend_latest/chunk.7ed08371c04618aff4f2.js HTTP/1.1" 200 3773 "https://ha.hajo62.duckdns.org/service_worker.js" "Mozilla/5.0 (Macintosh; Intel Mac OS X 10.15; rv:70.0) Gecko/20100101 Firefox/70.0"
89.246.63.121 - hajo [08/Nov/2019:15:06:26 +0100] "GET /frontend_latest/chunk.aab77fdb612924798c0a.js HTTP/1.1" 200 3774 "https://ha.hajo62.duckdns.org/service_worker.js" "Mozilla/5.0 (Macintosh; Intel Mac OS X 10.15; rv:70.0) Gecko/20100101 Firefox/70.0"
89.246.63.121 - hajo [08/Nov/2019:15:06:26 +0100] "GET /frontend_latest/chunk.5942572f71db84f48768.js HTTP/1.1" 200 3773 "https://ha.hajo62.duckdns.org/service_worker.js" "Mozilla/5.0 (Macintosh; Intel Mac OS X 10.15; rv:70.0) Gecko/20100101 Firefox/70.0"
89.246.63.121 - hajo [08/Nov/2019:15:06:26 +0100] "GET /frontend_latest/chunk.0a605bff887e5f24a018.js HTTP/1.1" 200 3774 "https://ha.hajo62.duckdns.org/service_worker.js" "Mozilla/5.0 (Macintosh; Intel Mac OS X 10.15; rv:70.0) Gecko/20100101 Firefox/70.0"
89.246.63.121 - hajo [08/Nov/2019:15:06:26 +0100] "GET /frontend_latest/chunk.251baf7df7b12d331088.js HTTP/1.1" 200 38988 "https://ha.hajo62.duckdns.org/service_worker.js" "Mozilla/5.0 (Macintosh; Intel Mac OS X 10.15; rv:70.0) Gecko/20100101 Firefox/70.0"
89.246.63.121 - hajo [08/Nov/2019:15:06:26 +0100] "GET /frontend_latest/chunk.e8ecc4a6c8a0042f237d.js HTTP/1.1" 200 3771 "https://ha.hajo62.duckdns.org/service_worker.js" "Mozilla/5.0 (Macintosh; Intel Mac OS X 10.15; rv:70.0) Gecko/20100101 Firefox/70.0"
89.246.63.121 - hajo [08/Nov/2019:15:06:26 +0100] "GET /frontend_latest/chunk.81baef825130fc11b25c.js HTTP/1.1" 200 3770 "https://ha.hajo62.duckdns.org/service_worker.js" "Mozilla/5.0 (Macintosh; Intel Mac OS X 10.15; rv:70.0) Gecko/20100101 Firefox/70.0"
89.246.63.121 - hajo [08/Nov/2019:15:06:26 +0100] "GET /frontend_latest/chunk.369d600271a298f73054.js HTTP/1.1" 200 28330 "https://ha.hajo62.duckdns.org/service_worker.js" "Mozilla/5.0 (Macintosh; Intel Mac OS X 10.15; rv:70.0) Gecko/20100101 Firefox/70.0"
89.246.63.121 - hajo [08/Nov/2019:15:06:26 +0100] "GET /frontend_latest/chunk.4c71448468ae575e538f.js HTTP/1.1" 200 47231 "https://ha.hajo62.duckdns.org/service_worker.js" "Mozilla/5.0 (Macintosh; Intel Mac OS X 10.15; rv:70.0) Gecko/20100101 Firefox/70.0"
89.246.63.121 - hajo [08/Nov/2019:15:06:26 +0100] "GET /frontend_latest/chunk.a616ec04f22b19183ed1.js HTTP/1.1" 200 3785 "https://ha.hajo62.duckdns.org/service_worker.js" "Mozilla/5.0 (Macintosh; Intel Mac OS X 10.15; rv:70.0) Gecko/20100101 Firefox/70.0"
89.246.63.121 - hajo [08/Nov/2019:15:06:26 +0100] "GET /frontend_latest/chunk.0af22a025b18f4a9dad5.js HTTP/1.1" 200 46356 "https://ha.hajo62.duckdns.org/service_worker.js" "Mozilla/5.0 (Macintosh; Intel Mac OS X 10.15; rv:70.0) Gecko/20100101 Firefox/70.0"
89.246.63.121 - hajo [08/Nov/2019:15:06:26 +0100] "GET /frontend_latest/chunk.9417af72720e1c065715.js HTTP/1.1" 200 7589 "https://ha.hajo62.duckdns.org/service_worker.js" "Mozilla/5.0 (Macintosh; Intel Mac OS X 10.15; rv:70.0) Gecko/20100101 Firefox/70.0"
89.246.63.121 - hajo [08/Nov/2019:15:06:26 +0100] "GET /frontend_latest/chunk.34d9c3b10ce6ba9be16e.js HTTP/1.1" 200 5570 "https://ha.hajo62.duckdns.org/service_worker.js" "Mozilla/5.0 (Macintosh; Intel Mac OS X 10.15; rv:70.0) Gecko/20100101 Firefox/70.0"
89.246.63.121 - hajo [08/Nov/2019:15:06:26 +0100] "GET /frontend_latest/chunk.a8693c136469abd6a048.js HTTP/1.1" 200 7051 "https://ha.hajo62.duckdns.org/service_worker.js" "Mozilla/5.0 (Macintosh; Intel Mac OS X 10.15; rv:70.0) Gecko/20100101 Firefox/70.0"
89.246.63.121 - hajo [08/Nov/2019:15:06:26 +0100] "GET /frontend_latest/chunk.c5665c6edcae3fe4d061.js HTTP/1.1" 200 14149 "https://ha.hajo62.duckdns.org/service_worker.js" "Mozilla/5.0 (Macintosh; Intel Mac OS X 10.15; rv:70.0) Gecko/20100101 Firefox/70.0"
89.246.63.121 - hajo [08/Nov/2019:15:06:26 +0100] "GET /frontend_latest/chunk.21746029aad6dd93f249.js HTTP/1.1" 200 4339 "https://ha.hajo62.duckdns.org/service_worker.js" "Mozilla/5.0 (Macintosh; Intel Mac OS X 10.15; rv:70.0) Gecko/20100101 Firefox/70.0"
89.246.63.121 - hajo [08/Nov/2019:15:06:26 +0100] "GET /frontend_latest/chunk.cca25d3cf542a8e8fae0.js HTTP/1.1" 200 16316 "https://ha.hajo62.duckdns.org/service_worker.js" "Mozilla/5.0 (Macintosh; Intel Mac OS X 10.15; rv:70.0) Gecko/20100101 Firefox/70.0"
89.246.63.121 - hajo [08/Nov/2019:15:06:26 +0100] "GET /frontend_latest/chunk.477d2164e9116a7211dc.js HTTP/1.1" 200 18061 "https://ha.hajo62.duckdns.org/service_worker.js" "Mozilla/5.0 (Macintosh; Intel Mac OS X 10.15; rv:70.0) Gecko/20100101 Firefox/70.0"
89.246.63.121 - hajo [08/Nov/2019:15:06:26 +0100] "GET /frontend_latest/chunk.0e06a0aa016f897ad719.js HTTP/1.1" 200 2732 "https://ha.hajo62.duckdns.org/service_worker.js" "Mozilla/5.0 (Macintosh; Intel Mac OS X 10.15; rv:70.0) Gecko/20100101 Firefox/70.0"
89.246.63.121 - hajo [08/Nov/2019:15:06:27 +0100] "GET /frontend_latest/chunk.7af187f07a2606c274b3.js HTTP/1.1" 200 2759 "https://ha.hajo62.duckdns.org/service_worker.js" "Mozilla/5.0 (Macintosh; Intel Mac OS X 10.15; rv:70.0) Gecko/20100101 Firefox/70.0"
89.246.63.121 - hajo [08/Nov/2019:15:06:27 +0100] "GET /frontend_latest/chunk.cc0c90c6420ba1448183.js HTTP/1.1" 200 9142 "https://ha.hajo62.duckdns.org/service_worker.js" "Mozilla/5.0 (Macintosh; Intel Mac OS X 10.15; rv:70.0) Gecko/20100101 Firefox/70.0"
89.246.63.121 - hajo [08/Nov/2019:15:06:27 +0100] "GET /frontend_latest/chunk.c4bb6c06d0fff6f21ab9.js HTTP/1.1" 200 11844 "https://ha.hajo62.duckdns.org/service_worker.js" "Mozilla/5.0 (Macintosh; Intel Mac OS X 10.15; rv:70.0) Gecko/20100101 Firefox/70.0"
89.246.63.121 - hajo [08/Nov/2019:15:06:27 +0100] "GET /frontend_latest/chunk.1d95a139c68368cfb0ab.js HTTP/1.1" 200 8657 "https://ha.hajo62.duckdns.org/service_worker.js" "Mozilla/5.0 (Macintosh; Intel Mac OS X 10.15; rv:70.0) Gecko/20100101 Firefox/70.0"
89.246.63.121 - hajo [08/Nov/2019:15:06:27 +0100] "GET /frontend_latest/chunk.7de306d78e0674598cd8.js HTTP/1.1" 200 12244 "https://ha.hajo62.duckdns.org/service_worker.js" "Mozilla/5.0 (Macintosh; Intel Mac OS X 10.15; rv:70.0) Gecko/20100101 Firefox/70.0"
89.246.63.121 - hajo [08/Nov/2019:15:06:27 +0100] "GET /frontend_latest/chunk.aa41fc6225105f317435.js HTTP/1.1" 200 9388 "https://ha.hajo62.duckdns.org/service_worker.js" "Mozilla/5.0 (Macintosh; Intel Mac OS X 10.15; rv:70.0) Gecko/20100101 Firefox/70.0"
89.246.63.121 - hajo [08/Nov/2019:15:06:27 +0100] "GET /frontend_latest/chunk.e77f7a469378f01552d1.js HTTP/1.1" 200 4486 "https://ha.hajo62.duckdns.org/service_worker.js" "Mozilla/5.0 (Macintosh; Intel Mac OS X 10.15; rv:70.0) Gecko/20100101 Firefox/70.0"
89.246.63.121 - hajo [08/Nov/2019:15:06:27 +0100] "GET /frontend_latest/chunk.8aa109012b16204c3ac7.js HTTP/1.1" 200 5099 "https://ha.hajo62.duckdns.org/service_worker.js" "Mozilla/5.0 (Macintosh; Intel Mac OS X 10.15; rv:70.0) Gecko/20100101 Firefox/70.0"
89.246.63.121 - hajo [08/Nov/2019:15:06:27 +0100] "GET /frontend_latest/chunk.7e58f37e3d6291af264c.js HTTP/1.1" 200 1091 "https://ha.hajo62.duckdns.org/service_worker.js" "Mozilla/5.0 (Macintosh; Intel Mac OS X 10.15; rv:70.0) Gecko/20100101 Firefox/70.0"
89.246.63.121 - hajo [08/Nov/2019:15:06:27 +0100] "GET /frontend_latest/chunk.ef11f2502cc7e14099bc.js HTTP/1.1" 200 5815 "https://ha.hajo62.duckdns.org/service_worker.js" "Mozilla/5.0 (Macintosh; Intel Mac OS X 10.15; rv:70.0) Gecko/20100101 Firefox/70.0"
89.246.63.121 - hajo [08/Nov/2019:15:06:27 +0100] "GET /frontend_latest/b00f0d0b332c52e082ce.worker.js?__WB_REVISION__=c9fbef9dda6fb8edc248bf00d7d7a13b HTTP/1.1" 200 13165 "https://ha.hajo62.duckdns.org/service_worker.js" "Mozilla/5.0 (Macintosh; Intel Mac OS X 10.15; rv:70.0) Gecko/20100101 Firefox/70.0"
89.246.63.121 - hajo [08/Nov/2019:15:06:27 +0100] "GET /frontend_latest/d870f08d9334ce5cf317.worker.js?__WB_REVISION__=23e9b27bb63eaf518cc84d764efad70d HTTP/1.1" 200 1122 "https://ha.hajo62.duckdns.org/service_worker.js" "Mozilla/5.0 (Macintosh; Intel Mac OS X 10.15; rv:70.0) Gecko/20100101 Firefox/70.0"
89.246.63.121 - hajo [08/Nov/2019:15:06:27 +0100] "GET /frontend_latest/chunk.0bc07c1068ad12ec19f7.js HTTP/1.1" 200 5267 "https://ha.hajo62.duckdns.org/service_worker.js" "Mozilla/5.0 (Macintosh; Intel Mac OS X 10.15; rv:70.0) Gecko/20100101 Firefox/70.0"
89.246.63.121 - hajo [08/Nov/2019:15:06:28 +0100] "GET /static/translations/en-8d4b0eb669ae9af77d868fc270d3c12e.json?__WB_REVISION__=a5526753497767fe21b5c2185d5a9266 HTTP/1.1" 200 5618 "https://ha.hajo62.duckdns.org/service_worker.js" "Mozilla/5.0 (Macintosh; Intel Mac OS X 10.15; rv:70.0) Gecko/20100101 Firefox/70.0"
89.246.63.121 - hajo [08/Nov/2019:15:06:30 +0100] "GET /static/translations/config/en-d6a3de43f96b24a69f317173444caed0.json?__WB_REVISION__=f5d4f8e2475ec0188c1f75409e55ec86 HTTP/1.1" 200 43092 "https://ha.hajo62.duckdns.org/service_worker.js" "Mozilla/5.0 (Macintosh; Intel Mac OS X 10.15; rv:70.0) Gecko/20100101 Firefox/70.0"
89.246.63.121 - hajo [08/Nov/2019:15:06:30 +0100] "GET /static/translations/developer-tools/en-bead7e06ddde365ee3017e241ec24dbd.json?__WB_REVISION__=7bbf821799c559c631b6881c49275b1a HTTP/1.1" 200 6593 "https://ha.hajo62.duckdns.org/service_worker.js" "Mozilla/5.0 (Macintosh; Intel Mac OS X 10.15; rv:70.0) Gecko/20100101 Firefox/70.0"
89.246.63.121 - hajo [08/Nov/2019:15:06:30 +0100] "GET /static/translations/logbook/en-d1b490b66b980e7ce9d60194b71fcfae.json?__WB_REVISION__=0daa3a0759f1fffb1bbd484c4ab9d501 HTTP/1.1" 200 93 "https://ha.hajo62.duckdns.org/service_worker.js" "Mozilla/5.0 (Macintosh; Intel Mac OS X 10.15; rv:70.0) Gecko/20100101 Firefox/70.0"
89.246.63.121 - hajo [08/Nov/2019:15:06:30 +0100] "GET /static/translations/history/en-c731b6ed1707695bcc1efb80a969111b.json?__WB_REVISION__=3bc1ce39f2b1bf22ae265f49d085c7a4 HTTP/1.1" 200 93 "https://ha.hajo62.duckdns.org/service_worker.js" "Mozilla/5.0 (Macintosh; Intel Mac OS X 10.15; rv:70.0) Gecko/20100101 Firefox/70.0"
89.246.63.121 - hajo [08/Nov/2019:15:06:30 +0100] "GET /static/translations/mailbox/en-5aff2968280fc37d9ed1081f0aa735d1.json?__WB_REVISION__=74bf1a614a717127f28084a4c09d0f62 HTTP/1.1" 200 208 "https://ha.hajo62.duckdns.org/service_worker.js" "Mozilla/5.0 (Macintosh; Intel Mac OS X 10.15; rv:70.0) Gecko/20100101 Firefox/70.0"
89.246.63.121 - hajo [08/Nov/2019:15:06:31 +0100] "GET /static/translations/page-authorize/en-10f6811e4fd6b7b1bdf90ada4d213fa8.json?__WB_REVISION__=67e5582f66826a8285ca330ae1fe44cb HTTP/1.1" 200 3436 "https://ha.hajo62.duckdns.org/service_worker.js" "Mozilla/5.0 (Macintosh; Intel Mac OS X 10.15; rv:70.0) Gecko/20100101 Firefox/70.0"
89.246.63.121 - hajo [08/Nov/2019:15:06:31 +0100] "GET /static/translations/page-demo/en-92eff5c4a92d201fd2e4ec9a86e2d6aa.json?__WB_REVISION__=3adf572571a06fda2c4b02f6c12c34e1 HTTP/1.1" 200 1907 "https://ha.hajo62.duckdns.org/service_worker.js" "Mozilla/5.0 (Macintosh; Intel Mac OS X 10.15; rv:70.0) Gecko/20100101 Firefox/70.0"
89.246.63.121 - hajo [08/Nov/2019:15:06:31 +0100] "GET /static/translations/page-onboarding/en-8be449932765f8c89a53c93ed8ba47c8.json?__WB_REVISION__=36f8c3f74bb81e283a44ccacafda53f9 HTTP/1.1" 200 1759 "https://ha.hajo62.duckdns.org/service_worker.js" "Mozilla/5.0 (Macintosh; Intel Mac OS X 10.15; rv:70.0) Gecko/20100101 Firefox/70.0"
89.246.63.121 - hajo [08/Nov/2019:15:06:31 +0100] "GET /static/translations/profile/en-ac5260f8ade36f5e908b79b918a0ff43.json?__WB_REVISION__=849ddfc2b851b06f5059c50882b328bf HTTP/1.1" 200 4760 "https://ha.hajo62.duckdns.org/service_worker.js" "Mozilla/5.0 (Macintosh; Intel Mac OS X 10.15; rv:70.0) Gecko/20100101 Firefox/70.0"
89.246.63.121 - hajo [08/Nov/2019:15:06:31 +0100] "GET /static/icons/favicon-192x192.png?__WB_REVISION__=8413bc5aa8329394d55ba04011a9adae HTTP/1.1" 200 4215 "https://ha.hajo62.duckdns.org/service_worker.js" "Mozilla/5.0 (Macintosh; Intel Mac OS X 10.15; rv:70.0) Gecko/20100101 Firefox/70.0"
89.246.63.121 - hajo [08/Nov/2019:15:06:31 +0100] "GET /static/translations/shopping-list/en-ca53a02b4a4afd05878689eb7c1b0296.json?__WB_REVISION__=82e7979a095d82493920f6fc4aad2eba HTTP/1.1" 200 227 "https://ha.hajo62.duckdns.org/service_worker.js" "Mozilla/5.0 (Macintosh; Intel Mac OS X 10.15; rv:70.0) Gecko/20100101 Firefox/70.0"
89.246.63.121 - hajo [08/Nov/2019:15:06:31 +0100] "GET /static/fonts/roboto/Roboto-Medium.woff2?__WB_REVISION__=b635e4fd4c9a33a2a6297fd72530feb9 HTTP/1.1" 200 65484 "https://ha.hajo62.duckdns.org/service_worker.js" "Mozilla/5.0 (Macintosh; Intel Mac OS X 10.15; rv:70.0) Gecko/20100101 Firefox/70.0"
89.246.63.121 - hajo [08/Nov/2019:15:06:31 +0100] "GET /static/fonts/roboto/Roboto-Regular.woff2?__WB_REVISION__=0cf968acbe3aa998772842b812a73aaf HTTP/1.1" 200 64632 "https://ha.hajo62.duckdns.org/service_worker.js" "Mozilla/5.0 (Macintosh; Intel Mac OS X 10.15; rv:70.0) Gecko/20100101 Firefox/70.0"
89.246.63.121 - hajo [08/Nov/2019:15:06:31 +0100] "GET /static/fonts/roboto/Roboto-Light.woff2?__WB_REVISION__=d989a5d0aebf51177bb9efe546d7579f HTTP/1.1" 200 64320 "https://ha.hajo62.duckdns.org/service_worker.js" "Mozilla/5.0 (Macintosh; Intel Mac OS X 10.15; rv:70.0) Gecko/20100101 Firefox/70.0"
89.246.63.121 - hajo [08/Nov/2019:15:06:31 +0100] "GET /static/fonts/roboto/Roboto-Bold.woff2?__WB_REVISION__=448f4ffaa9adbd0786c792132db8b831 HTTP/1.1" 200 64740 "https://ha.hajo62.duckdns.org/service_worker.js" "Mozilla/5.0 (Macintosh; Intel Mac OS X 10.15; rv:70.0) Gecko/20100101 Firefox/70.0"
172.19.0.1 - - [08/Nov/2019:15:06:31 +0100] "GET /nginx_status HTTP/1.1" 301 169 "-" "python-requests/2.20.1"
89.246.63.121 - hajo [08/Nov/2019:15:06:37 +0100] "POST /auth/login_flow/72883fe16dbc45d1a2f591d78e37d247 HTTP/1.1" 200 186 "https://ha.hajo62.duckdns.org/auth/authorize?response_type=code&redirect_uri=https%3A%2F%2Fha.hajo62.duckdns.org%2F%3Fauth_callback%3D1&client_id=https%3A%2F%2Fha.hajo62.duckdns.org%2F&state=eyJoYXNzVXJsIjoiaHR0cHM6Ly9oYS5oYWpvNjIuZHVja2Rucy5vcmciLCJjbGllbnRJZCI6Imh0dHBzOi8vaGEuaGFqbzYyLmR1Y2tkbnMub3JnLyJ9" "Mozilla/5.0 (Macintosh; Intel Mac OS X 10.15; rv:70.0) Gecko/20100101 Firefox/70.0"
89.246.63.121 - hajo [08/Nov/2019:15:06:42 +0100] "POST /auth/login_flow/72883fe16dbc45d1a2f591d78e37d247 HTTP/1.1" 200 186 "https://ha.hajo62.duckdns.org/auth/authorize?response_type=code&redirect_uri=https%3A%2F%2Fha.hajo62.duckdns.org%2F%3Fauth_callback%3D1&client_id=https%3A%2F%2Fha.hajo62.duckdns.org%2F&state=eyJoYXNzVXJsIjoiaHR0cHM6Ly9oYS5oYWpvNjIuZHVja2Rucy5vcmciLCJjbGllbnRJZCI6Imh0dHBzOi8vaGEuaGFqbzYyLmR1Y2tkbnMub3JnLyJ9" "Mozilla/5.0 (Macintosh; Intel Mac OS X 10.15; rv:70.0) Gecko/20100101 Firefox/70.0"
89.246.63.121 - hajo [08/Nov/2019:15:06:53 +0100] "POST /auth/login_flow/72883fe16dbc45d1a2f591d78e37d247 HTTP/1.1" 200 180 "https://ha.hajo62.duckdns.org/auth/authorize?response_type=code&redirect_uri=https%3A%2F%2Fha.hajo62.duckdns.org%2F%3Fauth_callback%3D1&client_id=https%3A%2F%2Fha.hajo62.duckdns.org%2F&state=eyJoYXNzVXJsIjoiaHR0cHM6Ly9oYS5oYWpvNjIuZHVja2Rucy5vcmciLCJjbGllbnRJZCI6Imh0dHBzOi8vaGEuaGFqbzYyLmR1Y2tkbnMub3JnLyJ9" "Mozilla/5.0 (Macintosh; Intel Mac OS X 10.15; rv:70.0) Gecko/20100101 Firefox/70.0"
89.246.63.121 - hajo [08/Nov/2019:15:06:53 +0100] "GET /?auth_callback=1&code=96b27cd0553e41608c9ded321c14f401&state=eyJoYXNzVXJsIjoiaHR0cHM6Ly9oYS5oYWpvNjIuZHVja2Rucy5vcmciLCJjbGllbnRJZCI6Imh0dHBzOi8vaGEuaGFqbzYyLmR1Y2tkbnMub3JnLyJ9 HTTP/1.1" 200 1348 "https://ha.hajo62.duckdns.org/auth/authorize?response_type=code&redirect_uri=https%3A%2F%2Fha.hajo62.duckdns.org%2F%3Fauth_callback%3D1&client_id=https%3A%2F%2Fha.hajo62.duckdns.org%2F&state=eyJoYXNzVXJsIjoiaHR0cHM6Ly9oYS5oYWpvNjIuZHVja2Rucy5vcmciLCJjbGllbnRJZCI6Imh0dHBzOi8vaGEuaGFqbzYyLmR1Y2tkbnMub3JnLyJ9" "Mozilla/5.0 (Macintosh; Intel Mac OS X 10.15; rv:70.0) Gecko/20100101 Firefox/70.0"
89.246.63.121 - hajo [08/Nov/2019:15:06:53 +0100] "GET /static/icons/favicon-apple-180x180.png HTTP/1.1" 200 4359 "-" "Mozilla/5.0 (Macintosh; Intel Mac OS X 10.15; rv:70.0) Gecko/20100101 Firefox/70.0"
89.246.63.121 - hajo [08/Nov/2019:15:06:53 +0100] "GET /static/icons/favicon.ico HTTP/1.1" 200 17957 "-" "Mozilla/5.0 (Macintosh; Intel Mac OS X 10.15; rv:70.0) Gecko/20100101 Firefox/70.0"
89.246.63.121 - hajo [08/Nov/2019:15:06:53 +0100] "POST /auth/token HTTP/1.1" 200 316 "https://ha.hajo62.duckdns.org/?auth_callback=1&code=96b27cd0553e41608c9ded321c14f401&state=eyJoYXNzVXJsIjoiaHR0cHM6Ly9oYS5oYWpvNjIuZHVja2Rucy5vcmciLCJjbGllbnRJZCI6Imh0dHBzOi8vaGEuaGFqbzYyLmR1Y2tkbnMub3JnLyJ9" "Mozilla/5.0 (Macintosh; Intel Mac OS X 10.15; rv:70.0) Gecko/20100101 Firefox/70.0"
89.246.63.121 - hajo [08/Nov/2019:15:06:54 +0100] "GET /local/custom_ui/mini-graph-card-bundle.js?v=0.4.3 HTTP/1.1" 200 76325 "https://ha.hajo62.duckdns.org/lovelace/default_view" "Mozilla/5.0 (Macintosh; Intel Mac OS X 10.15; rv:70.0) Gecko/20100101 Firefox/70.0"
89.246.63.121 - hajo [08/Nov/2019:15:06:54 +0100] "GET /local/custom_ui/bignumber-card.js HTTP/1.1" 200 3694 "https://ha.hajo62.duckdns.org/lovelace/default_view" "Mozilla/5.0 (Macintosh; Intel Mac OS X 10.15; rv:70.0) Gecko/20100101 Firefox/70.0"
89.246.63.121 - hajo [08/Nov/2019:15:06:54 +0100] "GET /local/custom_ui/bar-card.js HTTP/1.1" 200 42885 "https://ha.hajo62.duckdns.org/lovelace/default_view" "Mozilla/5.0 (Macintosh; Intel Mac OS X 10.15; rv:70.0) Gecko/20100101 Firefox/70.0"
89.246.63.121 - hajo [08/Nov/2019:15:06:54 +0100] "GET /local/custom_ui/card-mod.js HTTP/1.1" 200 5595 "https://ha.hajo62.duckdns.org/lovelace/default_view" "Mozilla/5.0 (Macintosh; Intel Mac OS X 10.15; rv:70.0) Gecko/20100101 Firefox/70.0"
89.246.63.121 - hajo [08/Nov/2019:15:06:54 +0100] "GET /local/custom_ui/zigbee2mqtt-networkmap.js?v=0.5.0 HTTP/1.1" 200 176625 "https://ha.hajo62.duckdns.org/lovelace/default_view" "Mozilla/5.0 (Macintosh; Intel Mac OS X 10.15; rv:70.0) Gecko/20100101 Firefox/70.0"
89.246.63.121 - hajo [08/Nov/2019:15:06:54 +0100] "GET /service_worker.js HTTP/1.1" 304 0 "-" "Mozilla/5.0 (Macintosh; Intel Mac OS X 10.15; rv:70.0) Gecko/20100101 Firefox/70.0"
89.246.63.121 - - [08/Nov/2019:15:06:55 +0100] "GET /api/history/period/2019-11-07T14:06:54.523Z?filter_entity_id=sensor.xiaomismart_1_temperature&end_time=2019-11-08T14:06:54.523Z HTTP/1.1" 200 1702 "https://ha.hajo62.duckdns.org/lovelace/default_view" "Mozilla/5.0 (Macintosh; Intel Mac OS X 10.15; rv:70.0) Gecko/20100101 Firefox/70.0"
89.246.63.121 - - [08/Nov/2019:15:06:55 +0100] "GET /api/history/period/2019-11-07T14:06:54.523Z?filter_entity_id=sensor.hygrothermo_1_temperature&end_time=2019-11-08T14:06:54.523Z HTTP/1.1" 200 4012 "https://ha.hajo62.duckdns.org/lovelace/default_view" "Mozilla/5.0 (Macintosh; Intel Mac OS X 10.15; rv:70.0) Gecko/20100101 Firefox/70.0"
89.246.63.121 - - [08/Nov/2019:15:06:55 +0100] "GET /api/history/period/2019-11-07T14:06:54.523Z?filter_entity_id=sensor.xiaomiaqara_2_temperature&end_time=2019-11-08T14:06:54.523Z HTTP/1.1" 200 1632 "https://ha.hajo62.duckdns.org/lovelace/default_view" "Mozilla/5.0 (Macintosh; Intel Mac OS X 10.15; rv:70.0) Gecko/20100101 Firefox/70.0"
89.246.63.121 - - [08/Nov/2019:15:06:55 +0100] "GET /api/history/period/2019-11-07T14:06:54.524Z?filter_entity_id=sensor.xiaomismart_1_humidity&end_time=2019-11-08T14:06:54.524Z HTTP/1.1" 200 1801 "https://ha.hajo62.duckdns.org/lovelace/default_view" "Mozilla/5.0 (Macintosh; Intel Mac OS X 10.15; rv:70.0) Gecko/20100101 Firefox/70.0"
89.246.63.121 - - [08/Nov/2019:15:06:55 +0100] "GET /api/history/period/2019-11-07T14:06:54.524Z?filter_entity_id=sensor.xiaomiaqara_2_humidity&end_time=2019-11-08T14:06:54.524Z HTTP/1.1" 200 2703 "https://ha.hajo62.duckdns.org/lovelace/default_view" "Mozilla/5.0 (Macintosh; Intel Mac OS X 10.15; rv:70.0) Gecko/20100101 Firefox/70.0"
89.246.63.121 - - [08/Nov/2019:15:06:55 +0100] "GET /api/history/period/2019-11-01T14:06:54.523Z?filter_entity_id=sensor.xiaomiaqara_2_temperature&end_time=2019-11-08T14:06:54.523Z HTTP/1.1" 200 8568 "https://ha.hajo62.duckdns.org/lovelace/default_view" "Mozilla/5.0 (Macintosh; Intel Mac OS X 10.15; rv:70.0) Gecko/20100101 Firefox/70.0"
89.246.63.121 - - [08/Nov/2019:15:06:56 +0100] "GET /api/history/period/2019-11-01T14:06:54.523Z?filter_entity_id=sensor.xiaomismart_1_temperature&end_time=2019-11-08T14:06:54.523Z HTTP/1.1" 200 10570 "https://ha.hajo62.duckdns.org/lovelace/default_view" "Mozilla/5.0 (Macintosh; Intel Mac OS X 10.15; rv:70.0) Gecko/20100101 Firefox/70.0"
89.246.63.121 - - [08/Nov/2019:15:06:56 +0100] "GET /api/history/period/2019-11-07T14:06:54.524Z?filter_entity_id=sensor.hygrothermo_1_humidity&end_time=2019-11-08T14:06:54.524Z HTTP/1.1" 200 5331 "https://ha.hajo62.duckdns.org/lovelace/default_view" "Mozilla/5.0 (Macintosh; Intel Mac OS X 10.15; rv:70.0) Gecko/20100101 Firefox/70.0"
89.246.63.121 - - [08/Nov/2019:15:06:56 +0100] "GET /api/history/period/2019-11-05T14:06:54.524Z?filter_entity_id=sensor.xiaomiaqara_1_temperature&end_time=2019-11-08T14:06:54.524Z HTTP/1.1" 200 5996 "https://ha.hajo62.duckdns.org/lovelace/default_view" "Mozilla/5.0 (Macintosh; Intel Mac OS X 10.15; rv:70.0) Gecko/20100101 Firefox/70.0"
89.246.63.121 - - [08/Nov/2019:15:06:57 +0100] "GET /api/history/period/2019-11-01T14:06:54.524Z?filter_entity_id=sensor.xiaomismart_1_humidity&end_time=2019-11-08T14:06:54.524Z HTTP/1.1" 200 11507 "https://ha.hajo62.duckdns.org/lovelace/default_view" "Mozilla/5.0 (Macintosh; Intel Mac OS X 10.15; rv:70.0) Gecko/20100101 Firefox/70.0"
89.246.63.121 - - [08/Nov/2019:15:06:57 +0100] "GET /api/history/period/2019-11-05T14:06:54.524Z?filter_entity_id=sensor.owm_temperature&end_time=2019-11-08T14:06:54.524Z HTTP/1.1" 200 9735 "https://ha.hajo62.duckdns.org/lovelace/default_view" "Mozilla/5.0 (Macintosh; Intel Mac OS X 10.15; rv:70.0) Gecko/20100101 Firefox/70.0"
89.246.63.121 - - [08/Nov/2019:15:06:57 +0100] "GET /api/history/period/2019-11-01T14:06:54.523Z?filter_entity_id=sensor.hygrothermo_1_temperature&end_time=2019-11-08T14:06:54.523Z HTTP/1.1" 200 21581 "https://ha.hajo62.duckdns.org/lovelace/default_view" "Mozilla/5.0 (Macintosh; Intel Mac OS X 10.15; rv:70.0) Gecko/20100101 Firefox/70.0"
89.246.63.121 - - [08/Nov/2019:15:06:57 +0100] "GET /api/history/period/2019-11-01T14:06:54.524Z?filter_entity_id=sensor.xiaomiaqara_2_humidity&end_time=2019-11-08T14:06:54.524Z HTTP/1.1" 200 14891 "https://ha.hajo62.duckdns.org/lovelace/default_view" "Mozilla/5.0 (Macintosh; Intel Mac OS X 10.15; rv:70.0) Gecko/20100101 Firefox/70.0"
89.246.63.121 - - [08/Nov/2019:15:06:58 +0100] "GET /api/history/period/2019-11-05T14:06:54.524Z?filter_entity_id=sensor.homee_temperatur_vorhersage&end_time=2019-11-08T14:06:54.524Z HTTP/1.1" 200 3719 "https://ha.hajo62.duckdns.org/lovelace/default_view" "Mozilla/5.0 (Macintosh; Intel Mac OS X 10.15; rv:70.0) Gecko/20100101 Firefox/70.0"
89.246.63.121 - - [08/Nov/2019:15:06:58 +0100] "GET /api/history/period/2019-11-05T14:06:54.524Z?filter_entity_id=sensor.norwegian_temperature&end_time=2019-11-08T14:06:54.524Z HTTP/1.1" 200 4167 "https://ha.hajo62.duckdns.org/lovelace/default_view" "Mozilla/5.0 (Macintosh; Intel Mac OS X 10.15; rv:70.0) Gecko/20100101 Firefox/70.0"
89.246.63.121 - - [08/Nov/2019:15:06:59 +0100] "GET /api/history/period/2019-11-01T14:06:54.524Z?filter_entity_id=sensor.hygrothermo_1_humidity&end_time=2019-11-08T14:06:54.524Z HTTP/1.1" 200 36706 "https://ha.hajo62.duckdns.org/lovelace/default_view" "Mozilla/5.0 (Macintosh; Intel Mac OS X 10.15; rv:70.0) Gecko/20100101 Firefox/70.0"
89.246.63.121 - - [08/Nov/2019:15:06:59 +0100] "GET /api/history/period/2019-11-01T14:06:54.525Z?filter_entity_id=sensor.owm_pressure&end_time=2019-11-08T14:06:54.525Z HTTP/1.1" 200 5173 "https://ha.hajo62.duckdns.org/lovelace/default_view" "Mozilla/5.0 (Macintosh; Intel Mac OS X 10.15; rv:70.0) Gecko/20100101 Firefox/70.0"
89.246.63.121 - - [08/Nov/2019:15:06:59 +0100] "GET /api/history/period/2019-11-07T14:06:54.422Z?filter_entity_id=sensor.hygrothermo_1_temperature&end_time=2019-11-08T14:06:54.422Z HTTP/1.1" 200 4012 "https://ha.hajo62.duckdns.org/lovelace/default_view" "Mozilla/5.0 (Macintosh; Intel Mac OS X 10.15; rv:70.0) Gecko/20100101 Firefox/70.0"
89.246.63.121 - - [08/Nov/2019:15:06:59 +0100] "GET /api/history/period/2019-11-07T14:06:54.424Z?filter_entity_id=sensor.xiaomismart_1_temperature&end_time=2019-11-08T14:06:54.424Z HTTP/1.1" 200 1701 "https://ha.hajo62.duckdns.org/lovelace/default_view" "Mozilla/5.0 (Macintosh; Intel Mac OS X 10.15; rv:70.0) Gecko/20100101 Firefox/70.0"
89.246.63.121 - - [08/Nov/2019:15:06:59 +0100] "GET /api/history/period/2019-11-07T14:06:54.425Z?filter_entity_id=sensor.xiaomiaqara_2_temperature&end_time=2019-11-08T14:06:54.425Z HTTP/1.1" 200 1630 "https://ha.hajo62.duckdns.org/lovelace/default_view" "Mozilla/5.0 (Macintosh; Intel Mac OS X 10.15; rv:70.0) Gecko/20100101 Firefox/70.0"
89.246.63.121 - - [08/Nov/2019:15:06:59 +0100] "GET /api/history/period/2019-11-01T14:06:54.524Z?filter_entity_id=sensor.owm_humidity&end_time=2019-11-08T14:06:54.524Z HTTP/1.1" 200 6958 "https://ha.hajo62.duckdns.org/lovelace/default_view" "Mozilla/5.0 (Macintosh; Intel Mac OS X 10.15; rv:70.0) Gecko/20100101 Firefox/70.0"
89.246.63.121 - - [08/Nov/2019:15:07:00 +0100] "GET /api/history/period/2019-11-01T14:06:54.525Z?filter_entity_id=sensor.xiaomiaqara_2_pressure&end_time=2019-11-08T14:06:54.525Z HTTP/1.1" 200 14585 "https://ha.hajo62.duckdns.org/lovelace/default_view" "Mozilla/5.0 (Macintosh; Intel Mac OS X 10.15; rv:70.0) Gecko/20100101 Firefox/70.0"
89.246.63.121 - - [08/Nov/2019:15:07:00 +0100] "GET /api/history/period/2019-11-01T14:06:54.425Z?filter_entity_id=sensor.xiaomiaqara_2_temperature&end_time=2019-11-08T14:06:54.425Z HTTP/1.1" 200 8568 "https://ha.hajo62.duckdns.org/lovelace/default_view" "Mozilla/5.0 (Macintosh; Intel Mac OS X 10.15; rv:70.0) Gecko/20100101 Firefox/70.0"
89.246.63.121 - - [08/Nov/2019:15:07:00 +0100] "GET /api/history/period/2019-11-01T14:06:54.525Z?filter_entity_id=sensor.xiaomiaqara_1_pressure&end_time=2019-11-08T14:06:54.525Z HTTP/1.1" 200 11637 "https://ha.hajo62.duckdns.org/lovelace/default_view" "Mozilla/5.0 (Macintosh; Intel Mac OS X 10.15; rv:70.0) Gecko/20100101 Firefox/70.0"
89.246.63.121 - - [08/Nov/2019:15:07:01 +0100] "GET /api/history/period/2019-11-01T14:06:54.524Z?filter_entity_id=sensor.xiaomiaqara_1_humidity&end_time=2019-11-08T14:06:54.524Z HTTP/1.1" 200 14774 "https://ha.hajo62.duckdns.org/lovelace/default_view" "Mozilla/5.0 (Macintosh; Intel Mac OS X 10.15; rv:70.0) Gecko/20100101 Firefox/70.0"
89.246.63.121 - - [08/Nov/2019:15:07:01 +0100] "GET /api/history/period/2019-11-01T14:06:54.425Z?filter_entity_id=sensor.xiaomismart_1_temperature&end_time=2019-11-08T14:06:54.425Z HTTP/1.1" 200 10570 "https://ha.hajo62.duckdns.org/lovelace/default_view" "Mozilla/5.0 (Macintosh; Intel Mac OS X 10.15; rv:70.0) Gecko/20100101 Firefox/70.0"
89.246.63.121 - - [08/Nov/2019:15:07:01 +0100] "GET /api/history/period/2019-11-07T14:06:54.427Z?filter_entity_id=sensor.xiaomismart_1_humidity&end_time=2019-11-08T14:06:54.427Z HTTP/1.1" 200 1801 "https://ha.hajo62.duckdns.org/lovelace/default_view" "Mozilla/5.0 (Macintosh; Intel Mac OS X 10.15; rv:70.0) Gecko/20100101 Firefox/70.0"
89.246.63.121 - - [08/Nov/2019:15:07:01 +0100] "GET /api/history/period/2019-11-07T14:06:54.426Z?filter_entity_id=sensor.hygrothermo_1_humidity&end_time=2019-11-08T14:06:54.426Z HTTP/1.1" 200 5331 "https://ha.hajo62.duckdns.org/lovelace/default_view" "Mozilla/5.0 (Macintosh; Intel Mac OS X 10.15; rv:70.0) Gecko/20100101 Firefox/70.0"
89.246.63.121 - - [08/Nov/2019:15:07:02 +0100] "GET /api/history/period/2019-11-01T14:06:54.425Z?filter_entity_id=sensor.hygrothermo_1_temperature&end_time=2019-11-08T14:06:54.425Z HTTP/1.1" 200 21581 "https://ha.hajo62.duckdns.org/lovelace/default_view" "Mozilla/5.0 (Macintosh; Intel Mac OS X 10.15; rv:70.0) Gecko/20100101 Firefox/70.0"
89.246.63.121 - - [08/Nov/2019:15:07:02 +0100] "GET /api/history/period/2019-11-07T14:06:54.432Z?filter_entity_id=sensor.xiaomiaqara_2_humidity&end_time=2019-11-08T14:06:54.432Z HTTP/1.1" 200 2704 "https://ha.hajo62.duckdns.org/lovelace/default_view" "Mozilla/5.0 (Macintosh; Intel Mac OS X 10.15; rv:70.0) Gecko/20100101 Firefox/70.0"
89.246.63.121 - - [08/Nov/2019:15:07:02 +0100] "GET /api/history/period/2019-11-05T14:06:54.433Z?filter_entity_id=sensor.homee_temperatur_vorhersage&end_time=2019-11-08T14:06:54.433Z HTTP/1.1" 200 3719 "https://ha.hajo62.duckdns.org/lovelace/default_view" "Mozilla/5.0 (Macintosh; Intel Mac OS X 10.15; rv:70.0) Gecko/20100101 Firefox/70.0"
89.246.63.121 - - [08/Nov/2019:15:07:02 +0100] "GET /api/history/period/2019-11-05T14:06:54.433Z?filter_entity_id=sensor.xiaomiaqara_1_temperature&end_time=2019-11-08T14:06:54.433Z HTTP/1.1" 200 5999 "https://ha.hajo62.duckdns.org/lovelace/default_view" "Mozilla/5.0 (Macintosh; Intel Mac OS X 10.15; rv:70.0) Gecko/20100101 Firefox/70.0"
89.246.63.121 - - [08/Nov/2019:15:07:03 +0100] "GET /api/history/period/2019-11-01T14:06:54.432Z?filter_entity_id=sensor.xiaomismart_1_humidity&end_time=2019-11-08T14:06:54.432Z HTTP/1.1" 200 11507 "https://ha.hajo62.duckdns.org/lovelace/default_view" "Mozilla/5.0 (Macintosh; Intel Mac OS X 10.15; rv:70.0) Gecko/20100101 Firefox/70.0"
89.246.63.121 - - [08/Nov/2019:15:07:03 +0100] "GET /api/history/period/2019-11-05T14:06:54.433Z?filter_entity_id=sensor.owm_temperature&end_time=2019-11-08T14:06:54.433Z HTTP/1.1" 200 9736 "https://ha.hajo62.duckdns.org/lovelace/default_view" "Mozilla/5.0 (Macintosh; Intel Mac OS X 10.15; rv:70.0) Gecko/20100101 Firefox/70.0"
89.246.63.121 - - [08/Nov/2019:15:07:03 +0100] "GET /api/history/period/2019-11-05T14:06:54.433Z?filter_entity_id=sensor.norwegian_temperature&end_time=2019-11-08T14:06:54.433Z HTTP/1.1" 200 4168 "https://ha.hajo62.duckdns.org/lovelace/default_view" "Mozilla/5.0 (Macintosh; Intel Mac OS X 10.15; rv:70.0) Gecko/20100101 Firefox/70.0"
89.246.63.121 - - [08/Nov/2019:15:07:03 +0100] "GET /api/history/period/2019-11-01T14:06:54.432Z?filter_entity_id=sensor.xiaomiaqara_2_humidity&end_time=2019-11-08T14:06:54.432Z HTTP/1.1" 200 14891 "https://ha.hajo62.duckdns.org/lovelace/default_view" "Mozilla/5.0 (Macintosh; Intel Mac OS X 10.15; rv:70.0) Gecko/20100101 Firefox/70.0"
89.246.63.121 - - [08/Nov/2019:15:07:04 +0100] "GET /api/history/period/2019-11-01T14:06:54.433Z?filter_entity_id=sensor.owm_humidity&end_time=2019-11-08T14:06:54.433Z HTTP/1.1" 200 6957 "https://ha.hajo62.duckdns.org/lovelace/default_view" "Mozilla/5.0 (Macintosh; Intel Mac OS X 10.15; rv:70.0) Gecko/20100101 Firefox/70.0"
89.246.63.121 - - [08/Nov/2019:15:07:04 +0100] "GET /api/history/period/2019-11-08T14:06:54.421Z?filter_entity_id=sensor.hygrothermo_1_temperature&end_time=2019-11-08T14:07:00.608Z&skip_initial_state HTTP/1.1" 200 4 "https://ha.hajo62.duckdns.org/lovelace/default_view" "Mozilla/5.0 (Macintosh; Intel Mac OS X 10.15; rv:70.0) Gecko/20100101 Firefox/70.0"
89.246.63.121 - - [08/Nov/2019:15:07:04 +0100] "GET /api/history/period/2019-11-08T14:06:54.423Z?filter_entity_id=sensor.xiaomismart_1_temperature&end_time=2019-11-08T14:07:00.608Z&skip_initial_state HTTP/1.1" 200 4 "https://ha.hajo62.duckdns.org/lovelace/default_view" "Mozilla/5.0 (Macintosh; Intel Mac OS X 10.15; rv:70.0) Gecko/20100101 Firefox/70.0"
89.246.63.121 - - [08/Nov/2019:15:07:04 +0100] "GET /api/history/period/2019-11-01T14:06:54.434Z?filter_entity_id=sensor.owm_pressure&end_time=2019-11-08T14:06:54.434Z HTTP/1.1" 200 5173 "https://ha.hajo62.duckdns.org/lovelace/default_view" "Mozilla/5.0 (Macintosh; Intel Mac OS X 10.15; rv:70.0) Gecko/20100101 Firefox/70.0"
89.246.63.121 - - [08/Nov/2019:15:07:04 +0100] "GET /api/history/period/2019-11-01T14:06:54.433Z?filter_entity_id=sensor.xiaomiaqara_1_humidity&end_time=2019-11-08T14:06:54.433Z HTTP/1.1" 200 14774 "https://ha.hajo62.duckdns.org/lovelace/default_view" "Mozilla/5.0 (Macintosh; Intel Mac OS X 10.15; rv:70.0) Gecko/20100101 Firefox/70.0"
89.246.63.121 - - [08/Nov/2019:15:07:04 +0100] "GET /api/history/period/2019-11-08T14:06:54.424Z?filter_entity_id=sensor.xiaomiaqara_2_temperature&end_time=2019-11-08T14:07:00.608Z&skip_initial_state HTTP/1.1" 200 4 "https://ha.hajo62.duckdns.org/lovelace/default_view" "Mozilla/5.0 (Macintosh; Intel Mac OS X 10.15; rv:70.0) Gecko/20100101 Firefox/70.0"
89.246.63.121 - - [08/Nov/2019:15:07:05 +0100] "GET /api/history/period/2019-11-01T14:06:54.434Z?filter_entity_id=sensor.xiaomiaqara_1_pressure&end_time=2019-11-08T14:06:54.434Z HTTP/1.1" 200 11638 "https://ha.hajo62.duckdns.org/lovelace/default_view" "Mozilla/5.0 (Macintosh; Intel Mac OS X 10.15; rv:70.0) Gecko/20100101 Firefox/70.0"
89.246.63.121 - - [08/Nov/2019:15:07:05 +0100] "GET /api/history/period/2019-11-01T14:06:54.432Z?filter_entity_id=sensor.hygrothermo_1_humidity&end_time=2019-11-08T14:06:54.432Z HTTP/1.1" 200 36706 "https://ha.hajo62.duckdns.org/lovelace/default_view" "Mozilla/5.0 (Macintosh; Intel Mac OS X 10.15; rv:70.0) Gecko/20100101 Firefox/70.0"
89.246.63.121 - - [08/Nov/2019:15:07:06 +0100] "GET /api/history/period/2019-11-01T14:06:54.434Z?filter_entity_id=sensor.xiaomiaqara_2_pressure&end_time=2019-11-08T14:06:54.434Z HTTP/1.1" 200 14585 "https://ha.hajo62.duckdns.org/lovelace/default_view" "Mozilla/5.0 (Macintosh; Intel Mac OS X 10.15; rv:70.0) Gecko/20100101 Firefox/70.0"
89.246.63.121 - - [08/Nov/2019:15:07:06 +0100] "GET /api/history/period/2019-11-07T14:07:00.611Z?filter_entity_id=sensor.xiaomismart_1_humidity&end_time=2019-11-08T14:07:00.611Z HTTP/1.1" 200 1801 "https://ha.hajo62.duckdns.org/lovelace/default_view" "Mozilla/5.0 (Macintosh; Intel Mac OS X 10.15; rv:70.0) Gecko/20100101 Firefox/70.0"
89.246.63.121 - - [08/Nov/2019:15:07:06 +0100] "GET /api/history/period/2019-11-08T14:06:54.523Z?filter_entity_id=sensor.hygrothermo_1_humidity&end_time=2019-11-08T14:07:00.611Z&skip_initial_state HTTP/1.1" 200 4 "https://ha.hajo62.duckdns.org/lovelace/default_view" "Mozilla/5.0 (Macintosh; Intel Mac OS X 10.15; rv:70.0) Gecko/20100101 Firefox/70.0"
89.246.63.121 - - [08/Nov/2019:15:07:06 +0100] "GET /api/history/period/2019-11-08T14:06:54.523Z?filter_entity_id=sensor.xiaomismart_1_humidity&end_time=2019-11-08T14:07:00.611Z&skip_initial_state HTTP/1.1" 200 4 "https://ha.hajo62.duckdns.org/lovelace/default_view" "Mozilla/5.0 (Macintosh; Intel Mac OS X 10.15; rv:70.0) Gecko/20100101 Firefox/70.0"
89.246.63.121 - - [08/Nov/2019:15:07:06 +0100] "GET /api/history/period/2019-11-07T14:07:00.610Z?filter_entity_id=sensor.hygrothermo_1_humidity&end_time=2019-11-08T14:07:00.610Z HTTP/1.1" 200 5332 "https://ha.hajo62.duckdns.org/lovelace/default_view" "Mozilla/5.0 (Macintosh; Intel Mac OS X 10.15; rv:70.0) Gecko/20100101 Firefox/70.0"
89.246.63.121 - - [08/Nov/2019:15:07:06 +0100] "GET /api/history/period/2019-11-08T14:06:54.523Z?filter_entity_id=sensor.xiaomiaqara_2_humidity&end_time=2019-11-08T14:07:00.611Z&skip_initial_state HTTP/1.1" 200 4 "https://ha.hajo62.duckdns.org/lovelace/default_view" "Mozilla/5.0 (Macintosh; Intel Mac OS X 10.15; rv:70.0) Gecko/20100101 Firefox/70.0"
89.246.63.121 - - [08/Nov/2019:15:07:07 +0100] "GET /api/history/period/2019-11-01T14:07:00.608Z?filter_entity_id=sensor.xiaomiaqara_2_temperature&end_time=2019-11-08T14:07:00.608Z HTTP/1.1" 200 8567 "https://ha.hajo62.duckdns.org/lovelace/default_view" "Mozilla/5.0 (Macintosh; Intel Mac OS X 10.15; rv:70.0) Gecko/20100101 Firefox/70.0"
89.246.63.121 - - [08/Nov/2019:15:07:07 +0100] "GET /api/history/period/2019-11-07T14:07:00.611Z?filter_entity_id=sensor.xiaomiaqara_2_humidity&end_time=2019-11-08T14:07:00.611Z HTTP/1.1" 200 2704 "https://ha.hajo62.duckdns.org/lovelace/default_view" "Mozilla/5.0 (Macintosh; Intel Mac OS X 10.15; rv:70.0) Gecko/20100101 Firefox/70.0"
89.246.63.121 - - [08/Nov/2019:15:07:07 +0100] "GET /api/history/period/2019-11-08T14:06:54.523Z?filter_entity_id=sensor.owm_temperature&end_time=2019-11-08T14:07:00.611Z&skip_initial_state HTTP/1.1" 200 4 "https://ha.hajo62.duckdns.org/lovelace/default_view" "Mozilla/5.0 (Macintosh; Intel Mac OS X 10.15; rv:70.0) Gecko/20100101 Firefox/70.0"
89.246.63.121 - - [08/Nov/2019:15:07:07 +0100] "GET /api/history/period/2019-11-08T14:06:54.523Z?filter_entity_id=sensor.xiaomiaqara_1_temperature&end_time=2019-11-08T14:07:00.611Z&skip_initial_state HTTP/1.1" 200 4 "https://ha.hajo62.duckdns.org/lovelace/default_view" "Mozilla/5.0 (Macintosh; Intel Mac OS X 10.15; rv:70.0) Gecko/20100101 Firefox/70.0"
89.246.63.121 - - [08/Nov/2019:15:07:07 +0100] "GET /api/history/period/2019-11-01T14:07:00.608Z?filter_entity_id=sensor.xiaomismart_1_temperature&end_time=2019-11-08T14:07:00.608Z HTTP/1.1" 200 10570 "https://ha.hajo62.duckdns.org/lovelace/default_view" "Mozilla/5.0 (Macintosh; Intel Mac OS X 10.15; rv:70.0) Gecko/20100101 Firefox/70.0"
89.246.63.121 - - [08/Nov/2019:15:07:07 +0100] "GET /api/history/period/2019-11-08T14:06:54.523Z?filter_entity_id=sensor.homee_temperatur_vorhersage&end_time=2019-11-08T14:07:00.611Z&skip_initial_state HTTP/1.1" 200 4 "https://ha.hajo62.duckdns.org/lovelace/default_view" "Mozilla/5.0 (Macintosh; Intel Mac OS X 10.15; rv:70.0) Gecko/20100101 Firefox/70.0"
89.246.63.121 - - [08/Nov/2019:15:07:07 +0100] "GET /api/history/period/2019-11-08T14:06:54.523Z?filter_entity_id=sensor.norwegian_temperature&end_time=2019-11-08T14:07:00.611Z&skip_initial_state HTTP/1.1" 200 4 "https://ha.hajo62.duckdns.org/lovelace/default_view" "Mozilla/5.0 (Macintosh; Intel Mac OS X 10.15; rv:70.0) Gecko/20100101 Firefox/70.0"
89.246.63.121 - - [08/Nov/2019:15:07:07 +0100] "GET /api/history/period/2019-11-08T14:06:54.523Z?filter_entity_id=sensor.owm_humidity&end_time=2019-11-08T14:07:00.611Z&skip_initial_state HTTP/1.1" 200 4 "https://ha.hajo62.duckdns.org/lovelace/default_view" "Mozilla/5.0 (Macintosh; Intel Mac OS X 10.15; rv:70.0) Gecko/20100101 Firefox/70.0"
89.246.63.121 - - [08/Nov/2019:15:07:07 +0100] "GET /api/history/period/2019-11-08T14:06:54.524Z?filter_entity_id=sensor.owm_pressure&end_time=2019-11-08T14:07:00.612Z&skip_initial_state HTTP/1.1" 200 4 "https://ha.hajo62.duckdns.org/lovelace/default_view" "Mozilla/5.0 (Macintosh; Intel Mac OS X 10.15; rv:70.0) Gecko/20100101 Firefox/70.0"
89.246.63.121 - - [08/Nov/2019:15:07:07 +0100] "GET /api/history/period/2019-11-08T14:06:54.524Z?filter_entity_id=sensor.xiaomiaqara_2_pressure&end_time=2019-11-08T14:07:00.612Z&skip_initial_state HTTP/1.1" 200 4 "https://ha.hajo62.duckdns.org/lovelace/default_view" "Mozilla/5.0 (Macintosh; Intel Mac OS X 10.15; rv:70.0) Gecko/20100101 Firefox/70.0"
89.246.63.121 - - [08/Nov/2019:15:07:07 +0100] "GET /api/history/period/2019-11-01T14:07:00.608Z?filter_entity_id=sensor.hygrothermo_1_temperature&end_time=2019-11-08T14:07:00.608Z HTTP/1.1" 200 21582 "https://ha.hajo62.duckdns.org/lovelace/default_view" "Mozilla/5.0 (Macintosh; Intel Mac OS X 10.15; rv:70.0) Gecko/20100101 Firefox/70.0"
89.246.63.121 - - [08/Nov/2019:15:07:08 +0100] "GET /api/history/period/2019-11-01T14:07:00.612Z?filter_entity_id=sensor.xiaomiaqara_1_pressure&end_time=2019-11-08T14:07:00.612Z HTTP/1.1" 200 11637 "https://ha.hajo62.duckdns.org/lovelace/default_view" "Mozilla/5.0 (Macintosh; Intel Mac OS X 10.15; rv:70.0) Gecko/20100101 Firefox/70.0"
89.246.63.121 - - [08/Nov/2019:15:07:08 +0100] "GET /api/history/period/2019-11-01T14:07:00.611Z?filter_entity_id=sensor.xiaomiaqara_1_humidity&end_time=2019-11-08T14:07:00.611Z HTTP/1.1" 200 14776 "https://ha.hajo62.duckdns.org/lovelace/default_view" "Mozilla/5.0 (Macintosh; Intel Mac OS X 10.15; rv:70.0) Gecko/20100101 Firefox/70.0"
89.246.63.121 - - [08/Nov/2019:15:07:25 +0100] "GET /api/history/period/2019-11-07T14:07:25.479Z?filter_entity_id=sensor.hygrothermo_1_temperature&end_time=2019-11-08T14:07:25.479Z HTTP/1.1" 200 4012 "https://ha.hajo62.duckdns.org/lovelace/1" "Mozilla/5.0 (Macintosh; Intel Mac OS X 10.15; rv:70.0) Gecko/20100101 Firefox/70.0"
89.246.63.121 - - [08/Nov/2019:15:07:26 +0100] "GET /api/history/period/2019-11-07T14:07:25.479Z?filter_entity_id=sensor.heizung_fenster_temperatur&end_time=2019-11-08T14:07:25.479Z HTTP/1.1" 200 5107 "https://ha.hajo62.duckdns.org/lovelace/1" "Mozilla/5.0 (Macintosh; Intel Mac OS X 10.15; rv:70.0) Gecko/20100101 Firefox/70.0"
89.246.63.121 - - [08/Nov/2019:15:07:26 +0100] "GET /api/history/period/2019-11-07T14:07:25.479Z?filter_entity_id=sensor.heizung_terrasse_temperatur&end_time=2019-11-08T14:07:25.479Z HTTP/1.1" 200 5892 "https://ha.hajo62.duckdns.org/lovelace/1" "Mozilla/5.0 (Macintosh; Intel Mac OS X 10.15; rv:70.0) Gecko/20100101 Firefox/70.0"
172.19.0.1 - - [08/Nov/2019:15:07:32 +0100] "GET /nginx_status HTTP/1.1" 301 169 "-" "python-requests/2.20.1"
172.19.0.1 - - [08/Nov/2019:15:08:33 +0100] "GET /nginx_status HTTP/1.1" 301 169 "-" "python-requests/2.20.1"
172.19.0.1 - - [08/Nov/2019:15:09:34 +0100] "GET /nginx_status HTTP/1.1" 301 169 "-" "python-requests/2.20.1"
172.19.0.1 - - [08/Nov/2019:15:10:35 +0100] "GET /nginx_status HTTP/1.1" 301 169 "-" "python-requests/2.20.1"
172.19.0.1 - - [08/Nov/2019:15:11:36 +0100] "GET /nginx_status HTTP/1.1" 301 169 "-" "python-requests/2.20.1"
172.19.0.1 - - [08/Nov/2019:15:12:37 +0100] "GET /nginx_status HTTP/1.1" 301 169 "-" "python-requests/2.20.1"
172.19.0.1 - - [08/Nov/2019:15:13:38 +0100] "GET /nginx_status HTTP/1.1" 301 169 "-" "python-requests/2.20.1"
172.19.0.1 - - [08/Nov/2019:15:14:39 +0100] "GET /nginx_status HTTP/1.1" 301 169 "-" "python-requests/2.20.1"
172.19.0.1 - - [08/Nov/2019:15:15:40 +0100] "GET /nginx_status HTTP/1.1" 301 169 "-" "python-requests/2.20.1"
89.246.63.121 - - [08/Nov/2019:15:16:09 +0100] "GET /api/history/period/2019-11-08T14:07:25.478Z?filter_entity_id=sensor.heizung_fenster_temperatur&end_time=2019-11-08T14:16:08.917Z&skip_initial_state HTTP/1.1" 200 241 "https://ha.hajo62.duckdns.org/lovelace/1" "Mozilla/5.0 (Macintosh; Intel Mac OS X 10.15; rv:70.0) Gecko/20100101 Firefox/70.0"
172.19.0.1 - - [08/Nov/2019:15:16:41 +0100] "GET /nginx_status HTTP/1.1" 301 169 "-" "python-requests/2.20.1"
172.19.0.1 - - [08/Nov/2019:15:18:42 +0100] "GET /nginx_status HTTP/1.1" 301 169 "-" "python-requests/2.20.1"
172.19.0.1 - - [08/Nov/2019:15:19:43 +0100] "GET /nginx_status HTTP/1.1" 301 169 "-" "python-requests/2.20.1"
172.19.0.1 - - [08/Nov/2019:15:20:44 +0100] "GET /nginx_status HTTP/1.1" 301 169 "-" "python-requests/2.20.1"
172.19.0.1 - - [08/Nov/2019:15:21:45 +0100] "GET /nginx_status HTTP/1.1" 301 169 "-" "python-requests/2.20.1"
172.19.0.1 - - [08/Nov/2019:15:22:46 +0100] "GET /nginx_status HTTP/1.1" 301 169 "-" "python-requests/2.20.1"
172.19.0.1 - - [08/Nov/2019:15:23:47 +0100] "GET /nginx_status HTTP/1.1" 301 169 "-" "python-requests/2.20.1"
172.19.0.1 - - [08/Nov/2019:15:24:48 +0100] "GET /nginx_status HTTP/1.1" 301 169 "-" "python-requests/2.20.1"
172.19.0.1 - - [08/Nov/2019:15:25:49 +0100] "GET /nginx_status HTTP/1.1" 301 169 "-" "python-requests/2.20.1"
172.19.0.1 - - [08/Nov/2019:15:26:50 +0100] "GET /nginx_status HTTP/1.1" 301 169 "-" "python-requests/2.20.1"
89.246.63.121 - - [08/Nov/2019:15:28:45 +0100] "GET /api/history/period/2019-11-08T14:07:25.478Z?filter_entity_id=sensor.hygrothermo_1_temperature&end_time=2019-11-08T14:28:45.046Z&skip_initial_state HTTP/1.1" 200 234 "https://ha.hajo62.duckdns.org/lovelace/1" "Mozilla/5.0 (Macintosh; Intel Mac OS X 10.15; rv:70.0) Gecko/20100101 Firefox/70.0"
172.19.0.1 - - [08/Nov/2019:15:28:51 +0100] "GET /nginx_status HTTP/1.1" 301 169 "-" "python-requests/2.20.1"
89.246.63.121 - hajo [08/Nov/2019:17:10:28 +0100] "GET /api/websocket HTTP/1.1" 502 157 "-" "Mozilla/5.0 (Macintosh; Intel Mac OS X 10.15; rv:70.0) Gecko/20100101 Firefox/70.0"
89.246.63.121 - hajo [08/Nov/2019:17:10:33 +0100] "POST /auth/token HTTP/1.1" 502 157 "https://ha.hajo62.duckdns.org/lovelace/1" "Mozilla/5.0 (Macintosh; Intel Mac OS X 10.15; rv:70.0) Gecko/20100101 Firefox/70.0"
172.19.0.1 - - [08/Nov/2019:17:10:35 +0100] "GET /nginx_status HTTP/1.1" 301 169 "-" "python-requests/2.20.1"
89.246.63.121 - hajo [08/Nov/2019:17:11:28 +0100] "POST /auth/token HTTP/1.1" 200 214 "https://ha.hajo62.duckdns.org/lovelace/1" "Mozilla/5.0 (Macintosh; Intel Mac OS X 10.15; rv:70.0) Gecko/20100101 Firefox/70.0"
89.246.63.121 - - [08/Nov/2019:17:11:29 +0100] "GET /api/history/period/2019-11-08T14:07:25.478Z?filter_entity_id=sensor.heizung_terrasse_temperatur&end_time=2019-11-08T16:11:28.968Z&skip_initial_state HTTP/1.1" 200 244 "https://ha.hajo62.duckdns.org/lovelace/1" "Mozilla/5.0 (Macintosh; Intel Mac OS X 10.15; rv:70.0) Gecko/20100101 Firefox/70.0"
89.246.63.121 - - [08/Nov/2019:17:11:29 +0100] "GET /api/history/period/2019-11-08T14:28:45.045Z?filter_entity_id=sensor.hygrothermo_1_temperature&end_time=2019-11-08T16:11:28.968Z&skip_initial_state HTTP/1.1" 200 237 "https://ha.hajo62.duckdns.org/lovelace/1" "Mozilla/5.0 (Macintosh; Intel Mac OS X 10.15; rv:70.0) Gecko/20100101 Firefox/70.0"
89.246.63.121 - - [08/Nov/2019:17:11:29 +0100] "GET /api/history/period/2019-11-08T14:16:08.916Z?filter_entity_id=sensor.heizung_fenster_temperatur&end_time=2019-11-08T16:11:28.968Z&skip_initial_state HTTP/1.1" 200 245 "https://ha.hajo62.duckdns.org/lovelace/1" "Mozilla/5.0 (Macintosh; Intel Mac OS X 10.15; rv:70.0) Gecko/20100101 Firefox/70.0"
89.246.63.121 - - [08/Nov/2019:17:11:30 +0100] "GET /api/history/period/2019-11-08T16:11:28.967Z?filter_entity_id=sensor.heizung_fenster_temperatur&end_time=2019-11-08T16:11:30.782Z&skip_initial_state HTTP/1.1" 200 4 "https://ha.hajo62.duckdns.org/lovelace/1" "Mozilla/5.0 (Macintosh; Intel Mac OS X 10.15; rv:70.0) Gecko/20100101 Firefox/70.0"
89.246.63.121 - - [08/Nov/2019:17:11:30 +0100] "GET /api/history/period/2019-11-08T16:11:28.967Z?filter_entity_id=sensor.hygrothermo_1_temperature&end_time=2019-11-08T16:11:30.782Z&skip_initial_state HTTP/1.1" 200 4 "https://ha.hajo62.duckdns.org/lovelace/1" "Mozilla/5.0 (Macintosh; Intel Mac OS X 10.15; rv:70.0) Gecko/20100101 Firefox/70.0"
89.246.63.121 - - [08/Nov/2019:17:11:30 +0100] "GET /api/history/period/2019-11-08T16:11:28.967Z?filter_entity_id=sensor.heizung_terrasse_temperatur&end_time=2019-11-08T16:11:30.782Z&skip_initial_state HTTP/1.1" 200 4 "https://ha.hajo62.duckdns.org/lovelace/1" "Mozilla/5.0 (Macintosh; Intel Mac OS X 10.15; rv:70.0) Gecko/20100101 Firefox/70.0"
172.19.0.1 - - [08/Nov/2019:17:12:17 +0100] "GET /nginx_status HTTP/1.1" 301 169 "-" "python-requests/2.20.1"
89.246.63.121 - - [08/Nov/2019:17:12:34 +0100] "GET /api/history/period/2019-11-08T16:11:28.967Z?filter_entity_id=sensor.heizung_fenster_temperatur&end_time=2019-11-08T16:12:34.325Z&skip_initial_state HTTP/1.1" 200 242 "https://ha.hajo62.duckdns.org/lovelace/1" "Mozilla/5.0 (Macintosh; Intel Mac OS X 10.15; rv:70.0) Gecko/20100101 Firefox/70.0"
172.19.0.1 - - [08/Nov/2019:17:13:19 +0100] "GET /nginx_status HTTP/1.1" 301 169 "-" "python-requests/2.20.1"
89.246.63.121 - - [08/Nov/2019:17:14:00 +0100] "GET /api/history/period/2019-11-08T16:11:28.967Z?filter_entity_id=sensor.hygrothermo_1_temperature&end_time=2019-11-08T16:14:00.058Z&skip_initial_state HTTP/1.1" 200 233 "https://ha.hajo62.duckdns.org/lovelace/1" "Mozilla/5.0 (Macintosh; Intel Mac OS X 10.15; rv:70.0) Gecko/20100101 Firefox/70.0"
172.19.0.1 - - [08/Nov/2019:17:14:19 +0100] "GET /nginx_status HTTP/1.1" 301 169 "-" "python-requests/2.20.1"
172.19.0.1 - - [08/Nov/2019:17:15:20 +0100] "GET /nginx_status HTTP/1.1" 301 169 "-" "python-requests/2.20.1"
172.19.0.1 - - [08/Nov/2019:17:16:21 +0100] "GET /nginx_status HTTP/1.1" 301 169 "-" "python-requests/2.20.1"
172.19.0.1 - - [08/Nov/2019:17:17:22 +0100] "GET /nginx_status HTTP/1.1" 301 169 "-" "python-requests/2.20.1"
172.19.0.1 - - [08/Nov/2019:17:18:23 +0100] "GET /nginx_status HTTP/1.1" 301 169 "-" "python-requests/2.20.1"
172.19.0.1 - - [08/Nov/2019:17:19:24 +0100] "GET /nginx_status HTTP/1.1" 301 169 "-" "python-requests/2.20.1"
172.19.0.1 - - [08/Nov/2019:17:20:25 +0100] "GET /nginx_status HTTP/1.1" 301 169 "-" "python-requests/2.20.1"
89.246.63.121 - - [08/Nov/2019:17:21:06 +0100] "GET /api/history/period/2019-11-08T16:14:00.057Z?filter_entity_id=sensor.hygrothermo_1_temperature&end_time=2019-11-08T16:21:06.121Z&skip_initial_state HTTP/1.1" 200 233 "https://ha.hajo62.duckdns.org/lovelace/1" "Mozilla/5.0 (Macintosh; Intel Mac OS X 10.15; rv:70.0) Gecko/20100101 Firefox/70.0"
172.19.0.1 - - [08/Nov/2019:17:21:26 +0100] "GET /nginx_status HTTP/1.1" 301 169 "-" "python-requests/2.20.1"
172.19.0.1 - - [08/Nov/2019:17:22:27 +0100] "GET /nginx_status HTTP/1.1" 301 169 "-" "python-requests/2.20.1"
89.246.63.121 - - [08/Nov/2019:17:22:28 +0100] "GET /api/history/period/2019-11-08T16:11:28.967Z?filter_entity_id=sensor.heizung_terrasse_temperatur&end_time=2019-11-08T16:22:28.552Z&skip_initial_state HTTP/1.1" 200 294 "https://ha.hajo62.duckdns.org/lovelace/1" "Mozilla/5.0 (Macintosh; Intel Mac OS X 10.15; rv:70.0) Gecko/20100101 Firefox/70.0"
172.19.0.1 - - [08/Nov/2019:17:23:28 +0100] "GET /nginx_status HTTP/1.1" 301 169 "-" "python-requests/2.20.1"
172.19.0.1 - - [08/Nov/2019:17:24:31 +0100] "GET /nginx_status HTTP/1.1" 301 169 "-" "python-requests/2.20.1"
172.19.0.1 - - [08/Nov/2019:17:25:30 +0100] "GET /nginx_status HTTP/1.1" 301 169 "-" "python-requests/2.20.1"
89.246.63.121 - - [08/Nov/2019:17:26:10 +0100] "GET /api/history/period/2019-11-08T16:12:34.324Z?filter_entity_id=sensor.heizung_fenster_temperatur&end_time=2019-11-08T16:26:09.272Z&skip_initial_state HTTP/1.1" 200 4 "https://ha.hajo62.duckdns.org/lovelace/1" "Mozilla/5.0 (Macintosh; Intel Mac OS X 10.15; rv:70.0) Gecko/20100101 Firefox/70.0"
172.19.0.1 - - [08/Nov/2019:17:26:33 +0100] "GET /nginx_status HTTP/1.1" 301 169 "-" "python-requests/2.20.1"
